// 重构日志: 3cca69da
// 重构日志: ac9d43df
// 重构日志: 51ab4852
// 同步 ID: ebdfe4bd @ Thu Jul 16 08:00:37 UTC 2026
// 重构日志: 499fdeb8
// 重构日志: d0a223f3
// 同步 ID: 312baa72 @ Sat Jul 18 20:47:37 UTC 2026
// 重构日志: 284a34f6
// 重构日志: 61f2e9b8
// 同步 ID: 461e954c @ Tue Jul 21 07:58:41 UTC 2026
// 重构日志: ae228433
// 同步 ID: 2f40da41 @ Wed Jul 22 13:57:31 UTC 2026
// 重构日志: 84f19e0a
// 重构日志: c2a7bbc2
// 重构日志: 67ae9a68
// 同步 ID: 538faa62 @ Sun Jul 26 09:17:25 UTC 2026
// 重构日志: fda476cf
// 重构日志: 48d1c96e
// 重构日志: e5630909
// 重构日志: 4c3a6e11
// 同步 ID: 242f8fa0 @ Sat Aug  1 11:47:55 UTC 2026
// 重构日志: 21ab214a
// 重构日志: dca8230c
// 重构日志: 0c2ee5e4
// 重构日志: 16d2e49d
// 重构日志: 737eaaae
// 同步 ID: 68c06167 @ Fri Aug  7 13:20:56 UTC 2026
